Archive member included to satisfy reference by file (symbol)

/home/deds/projects/OS/toolchain/i686-elf/lib/gcc/i686-elf/11.2.0/libgcc.a(_udivdi3.o)
                              /home/deds/projects/OS/build/stage2/c/stdio.obj (__udivdi3)
/home/deds/projects/OS/toolchain/i686-elf/lib/gcc/i686-elf/11.2.0/libgcc.a(_umoddi3.o)
                              /home/deds/projects/OS/build/stage2/c/stdio.obj (__umoddi3)

Memory Configuration

Name             Origin             Length             Attributes
*default*        0x0000000000000000 0xffffffffffffffff

Linker script and memory map

LOAD /home/deds/projects/OS/build/stage2/asm/x86.obj
LOAD /home/deds/projects/OS/build/stage2/asm/entry.obj
LOAD /home/deds/projects/OS/build/stage2/c/ctype.obj
LOAD /home/deds/projects/OS/build/stage2/c/fat.obj
LOAD /home/deds/projects/OS/build/stage2/c/string.obj
LOAD /home/deds/projects/OS/build/stage2/c/stdio.obj
LOAD /home/deds/projects/OS/build/stage2/c/memory.obj
LOAD /home/deds/projects/OS/build/stage2/c/main.obj
LOAD /home/deds/projects/OS/build/stage2/c/disk.obj
LOAD /home/deds/projects/OS/toolchain/i686-elf/lib/gcc/i686-elf/11.2.0/libgcc.a
                0x0000000000000500                phys = 0x500
                0x0000000000000500                . = phys

.entry          0x0000000000000500       0xc0
                0x0000000000000500                __entry_start = .
 *(.entry)
 .entry         0x0000000000000500       0xc0 /home/deds/projects/OS/build/stage2/asm/entry.obj
                0x0000000000000500                entry

.text           0x00000000000005c0     0x1b80
                0x00000000000005c0                __text_start = .
 *(.text)
 .text          0x00000000000005c0      0x1a5 /home/deds/projects/OS/build/stage2/asm/x86.obj
                0x00000000000005c0                x86_outb
                0x00000000000005cb                x86_inb
                0x00000000000005d4                x86_Disk_GetDriveParams
                0x0000000000000697                x86_Disk_Reset
                0x00000000000006e7                x86_Disk_Read
 .text          0x0000000000000765       0x55 /home/deds/projects/OS/build/stage2/c/ctype.obj
                0x0000000000000765                islower
                0x000000000000078e                toupper
 .text          0x00000000000007ba      0xa30 /home/deds/projects/OS/build/stage2/c/fat.obj
                0x00000000000007ba                FAT_ReadBootSector
                0x00000000000007d7                FAT_ReadFat
                0x000000000000080b                FAT_Initialize
                0x0000000000000a3f                FAT_ClusterToLba
                0x0000000000000a60                FAT_OpenEntry
                0x0000000000000c28                FAT_NextCluster
                0x0000000000000c75                FAT_Read
                0x0000000000000ec9                FAT_ReadEntry
                0x0000000000000eea                FAT_Close
                0x0000000000000f38                FAT_FindFile
                0x000000000000109d                FAT_Open
 .text          0x00000000000011ea       0xb6 /home/deds/projects/OS/build/stage2/c/string.obj
                0x00000000000011ea                strchr
                0x0000000000001228                strcpy
                0x000000000000127a                strlen
 .text          0x00000000000012a0      0x891 /home/deds/projects/OS/build/stage2/c/stdio.obj
                0x00000000000012a0                putchr
                0x00000000000012cf                putcolor
                0x0000000000001301                getchr
                0x0000000000001323                getcolor
                0x0000000000001348                setcursor
                0x00000000000013b9                clrscr
                0x0000000000001447                scrollback
                0x0000000000001535                putc
                0x0000000000001642                puts
                0x0000000000001671                printf_unsigned
                0x000000000000172a                printf_signed
                0x0000000000001787                printf
                0x0000000000001a98                print_buffer
 .text          0x0000000000001b31       0xf5 /home/deds/projects/OS/build/stage2/c/memory.obj
                0x0000000000001b31                memcpy
                0x0000000000001b83                memset
                0x0000000000001bc6                memcmp
 .text          0x0000000000001c26       0xf2 /home/deds/projects/OS/build/stage2/c/main.obj
                0x0000000000001c26                start
 .text          0x0000000000001d18      0x199 /home/deds/projects/OS/build/stage2/c/disk.obj
                0x0000000000001d18                DISK_Initialize
                0x0000000000001d88                DISK_LBA2CHS
                0x0000000000001e15                DISK_ReadSectors
 *fill*         0x0000000000001eb1        0xf 
 .text          0x0000000000001ec0      0x12a /home/deds/projects/OS/toolchain/i686-elf/lib/gcc/i686-elf/11.2.0/libgcc.a(_udivdi3.o)
                0x0000000000001ec0                __udivdi3
 *fill*         0x0000000000001fea        0x6 
 .text          0x0000000000001ff0      0x150 /home/deds/projects/OS/toolchain/i686-elf/lib/gcc/i686-elf/11.2.0/libgcc.a(_umoddi3.o)
                0x0000000000001ff0                __umoddi3

.data           0x0000000000002140        0xc
                0x0000000000002140                __data_start = .
 *(.data)
 .data          0x0000000000002140        0x0 /home/deds/projects/OS/build/stage2/c/ctype.obj
 .data          0x0000000000002140        0x0 /home/deds/projects/OS/build/stage2/c/fat.obj
 .data          0x0000000000002140        0x0 /home/deds/projects/OS/build/stage2/c/string.obj
 .data          0x0000000000002140        0x4 /home/deds/projects/OS/build/stage2/c/stdio.obj
                0x0000000000002140                g_ScreenBuffer
 .data          0x0000000000002144        0x0 /home/deds/projects/OS/build/stage2/c/memory.obj
 .data          0x0000000000002144        0x8 /home/deds/projects/OS/build/stage2/c/main.obj
                0x0000000000002144                KernelLoadBuffer
                0x0000000000002148                Kernel
 .data          0x000000000000214c        0x0 /home/deds/projects/OS/build/stage2/c/disk.obj
 .data          0x000000000000214c        0x0 /home/deds/projects/OS/toolchain/i686-elf/lib/gcc/i686-elf/11.2.0/libgcc.a(_udivdi3.o)
 .data          0x000000000000214c        0x0 /home/deds/projects/OS/toolchain/i686-elf/lib/gcc/i686-elf/11.2.0/libgcc.a(_umoddi3.o)

.rodata         0x000000000000214c      0x205
                0x000000000000214c                __rodata_start = .
 *(.rodata)
 .rodata        0x000000000000214c      0x11b /home/deds/projects/OS/build/stage2/c/fat.obj
 *fill*         0x0000000000002267        0x1 
 .rodata        0x0000000000002268       0xba /home/deds/projects/OS/build/stage2/c/stdio.obj
                0x0000000000002268                SCREEN_WIDTH
                0x000000000000226c                SCREEN_HEIGHT
                0x0000000000002270                DEFAULT_COLOR
                0x0000000000002274                g_HexChars
 .rodata        0x0000000000002322       0x2f /home/deds/projects/OS/build/stage2/c/main.obj

.eh_frame       0x0000000000002354       0xd8
 .eh_frame      0x0000000000002354       0x64 /home/deds/projects/OS/toolchain/i686-elf/lib/gcc/i686-elf/11.2.0/libgcc.a(_udivdi3.o)
 .eh_frame      0x00000000000023b8       0x74 /home/deds/projects/OS/toolchain/i686-elf/lib/gcc/i686-elf/11.2.0/libgcc.a(_umoddi3.o)

.bss            0x000000000000242c       0x14
                0x000000000000242c                __bss_start = .
 *(.bss)
 .bss           0x000000000000242c        0x0 /home/deds/projects/OS/build/stage2/c/ctype.obj
 .bss           0x000000000000242c        0xc /home/deds/projects/OS/build/stage2/c/fat.obj
 .bss           0x0000000000002438        0x0 /home/deds/projects/OS/build/stage2/c/string.obj
 .bss           0x0000000000002438        0x8 /home/deds/projects/OS/build/stage2/c/stdio.obj
                0x0000000000002438                g_ScreenX
                0x000000000000243c                g_ScreenY
 .bss           0x0000000000002440        0x0 /home/deds/projects/OS/build/stage2/c/memory.obj
 .bss           0x0000000000002440        0x0 /home/deds/projects/OS/build/stage2/c/main.obj
 .bss           0x0000000000002440        0x0 /home/deds/projects/OS/build/stage2/c/disk.obj
 .bss           0x0000000000002440        0x0 /home/deds/projects/OS/toolchain/i686-elf/lib/gcc/i686-elf/11.2.0/libgcc.a(_udivdi3.o)
 .bss           0x0000000000002440        0x0 /home/deds/projects/OS/toolchain/i686-elf/lib/gcc/i686-elf/11.2.0/libgcc.a(_umoddi3.o)
                0x0000000000002440                __end = .
OUTPUT(/home/deds/projects/OS/build/stage2.bin binary)

.debug_info     0x0000000000000000     0x1eba
 .debug_info    0x0000000000000000       0xcb /home/deds/projects/OS/build/stage2/c/ctype.obj
 .debug_info    0x00000000000000cb      0x9a9 /home/deds/projects/OS/build/stage2/c/fat.obj
 .debug_info    0x0000000000000a74      0x132 /home/deds/projects/OS/build/stage2/c/string.obj
 .debug_info    0x0000000000000ba6      0x54d /home/deds/projects/OS/build/stage2/c/stdio.obj
 .debug_info    0x00000000000010f3      0x1e8 /home/deds/projects/OS/build/stage2/c/memory.obj
 .debug_info    0x00000000000012db      0x2bf /home/deds/projects/OS/build/stage2/c/main.obj
 .debug_info    0x000000000000159a      0x2b1 /home/deds/projects/OS/build/stage2/c/disk.obj
 .debug_info    0x000000000000184b      0x32c /home/deds/projects/OS/toolchain/i686-elf/lib/gcc/i686-elf/11.2.0/libgcc.a(_udivdi3.o)
 .debug_info    0x0000000000001b77      0x343 /home/deds/projects/OS/toolchain/i686-elf/lib/gcc/i686-elf/11.2.0/libgcc.a(_umoddi3.o)

.debug_abbrev   0x0000000000000000      0xb9c
 .debug_abbrev  0x0000000000000000       0x77 /home/deds/projects/OS/build/stage2/c/ctype.obj
 .debug_abbrev  0x0000000000000077      0x24d /home/deds/projects/OS/build/stage2/c/fat.obj
 .debug_abbrev  0x00000000000002c4       0xa8 /home/deds/projects/OS/build/stage2/c/string.obj
 .debug_abbrev  0x000000000000036c      0x1f6 /home/deds/projects/OS/build/stage2/c/stdio.obj
 .debug_abbrev  0x0000000000000562       0xe2 /home/deds/projects/OS/build/stage2/c/memory.obj
 .debug_abbrev  0x0000000000000644      0x14c /home/deds/projects/OS/build/stage2/c/main.obj
 .debug_abbrev  0x0000000000000790      0x140 /home/deds/projects/OS/build/stage2/c/disk.obj
 .debug_abbrev  0x00000000000008d0      0x15b /home/deds/projects/OS/toolchain/i686-elf/lib/gcc/i686-elf/11.2.0/libgcc.a(_udivdi3.o)
 .debug_abbrev  0x0000000000000a2b      0x171 /home/deds/projects/OS/toolchain/i686-elf/lib/gcc/i686-elf/11.2.0/libgcc.a(_umoddi3.o)

.debug_aranges  0x0000000000000000      0x120
 .debug_aranges
                0x0000000000000000       0x20 /home/deds/projects/OS/build/stage2/c/ctype.obj
 .debug_aranges
                0x0000000000000020       0x20 /home/deds/projects/OS/build/stage2/c/fat.obj
 .debug_aranges
                0x0000000000000040       0x20 /home/deds/projects/OS/build/stage2/c/string.obj
 .debug_aranges
                0x0000000000000060       0x20 /home/deds/projects/OS/build/stage2/c/stdio.obj
 .debug_aranges
                0x0000000000000080       0x20 /home/deds/projects/OS/build/stage2/c/memory.obj
 .debug_aranges
                0x00000000000000a0       0x20 /home/deds/projects/OS/build/stage2/c/main.obj
 .debug_aranges
                0x00000000000000c0       0x20 /home/deds/projects/OS/build/stage2/c/disk.obj
 .debug_aranges
                0x00000000000000e0       0x20 /home/deds/projects/OS/toolchain/i686-elf/lib/gcc/i686-elf/11.2.0/libgcc.a(_udivdi3.o)
 .debug_aranges
                0x0000000000000100       0x20 /home/deds/projects/OS/toolchain/i686-elf/lib/gcc/i686-elf/11.2.0/libgcc.a(_umoddi3.o)

.debug_line     0x0000000000000000      0xf83
 .debug_line    0x0000000000000000       0x88 /home/deds/projects/OS/build/stage2/c/ctype.obj
 .debug_line    0x0000000000000088      0x4d7 /home/deds/projects/OS/build/stage2/c/fat.obj
 .debug_line    0x000000000000055f       0x97 /home/deds/projects/OS/build/stage2/c/string.obj
 .debug_line    0x00000000000005f6      0x3be /home/deds/projects/OS/build/stage2/c/stdio.obj
 .debug_line    0x00000000000009b4       0xe8 /home/deds/projects/OS/build/stage2/c/memory.obj
 .debug_line    0x0000000000000a9c       0xab /home/deds/projects/OS/build/stage2/c/main.obj
 .debug_line    0x0000000000000b47       0xee /home/deds/projects/OS/build/stage2/c/disk.obj
 .debug_line    0x0000000000000c35      0x179 /home/deds/projects/OS/toolchain/i686-elf/lib/gcc/i686-elf/11.2.0/libgcc.a(_udivdi3.o)
 .debug_line    0x0000000000000dae      0x1d5 /home/deds/projects/OS/toolchain/i686-elf/lib/gcc/i686-elf/11.2.0/libgcc.a(_umoddi3.o)

.debug_str      0x0000000000000000     0x12a3
 .debug_str     0x0000000000000000       0xea /home/deds/projects/OS/build/stage2/c/ctype.obj
 .debug_str     0x00000000000000ea      0x5e8 /home/deds/projects/OS/build/stage2/c/fat.obj
 .debug_str     0x00000000000006d2       0xf1 /home/deds/projects/OS/build/stage2/c/string.obj
 .debug_str     0x00000000000007c3      0x24e /home/deds/projects/OS/build/stage2/c/stdio.obj
 .debug_str     0x0000000000000a11      0x125 /home/deds/projects/OS/build/stage2/c/memory.obj
 .debug_str     0x0000000000000b36      0x1e2 /home/deds/projects/OS/build/stage2/c/main.obj
 .debug_str     0x0000000000000d18      0x1c5 /home/deds/projects/OS/build/stage2/c/disk.obj
 .debug_str     0x0000000000000edd      0x1e3 /home/deds/projects/OS/toolchain/i686-elf/lib/gcc/i686-elf/11.2.0/libgcc.a(_udivdi3.o)
 .debug_str     0x00000000000010c0      0x1e3 /home/deds/projects/OS/toolchain/i686-elf/lib/gcc/i686-elf/11.2.0/libgcc.a(_umoddi3.o)

.debug_line_str
                0x0000000000000000      0x712
 .debug_line_str
                0x0000000000000000       0x72 /home/deds/projects/OS/build/stage2/c/ctype.obj
 .debug_line_str
                0x0000000000000072       0xf2 /home/deds/projects/OS/build/stage2/c/fat.obj
 .debug_line_str
                0x0000000000000164       0x75 /home/deds/projects/OS/build/stage2/c/string.obj
 .debug_line_str
                0x00000000000001d9       0xd8 /home/deds/projects/OS/build/stage2/c/stdio.obj
 .debug_line_str
                0x00000000000002b1       0xcc /home/deds/projects/OS/build/stage2/c/memory.obj
 .debug_line_str
                0x000000000000037d       0xe4 /home/deds/projects/OS/build/stage2/c/main.obj
 .debug_line_str
                0x0000000000000461       0xd3 /home/deds/projects/OS/build/stage2/c/disk.obj
 .debug_line_str
                0x0000000000000534       0xef /home/deds/projects/OS/toolchain/i686-elf/lib/gcc/i686-elf/11.2.0/libgcc.a(_udivdi3.o)
 .debug_line_str
                0x0000000000000623       0xef /home/deds/projects/OS/toolchain/i686-elf/lib/gcc/i686-elf/11.2.0/libgcc.a(_umoddi3.o)

.comment        0x0000000000000000       0xab
 .comment       0x0000000000000000       0x13 /home/deds/projects/OS/build/stage2/c/ctype.obj
 .comment       0x0000000000000013       0x13 /home/deds/projects/OS/build/stage2/c/fat.obj
 .comment       0x0000000000000026       0x13 /home/deds/projects/OS/build/stage2/c/string.obj
 .comment       0x0000000000000039       0x13 /home/deds/projects/OS/build/stage2/c/stdio.obj
 .comment       0x000000000000004c       0x13 /home/deds/projects/OS/build/stage2/c/memory.obj
 .comment       0x000000000000005f       0x13 /home/deds/projects/OS/build/stage2/c/main.obj
 .comment       0x0000000000000072       0x13 /home/deds/projects/OS/build/stage2/c/disk.obj
 .comment       0x0000000000000085       0x13 /home/deds/projects/OS/toolchain/i686-elf/lib/gcc/i686-elf/11.2.0/libgcc.a(_udivdi3.o)
 .comment       0x0000000000000098       0x13 /home/deds/projects/OS/toolchain/i686-elf/lib/gcc/i686-elf/11.2.0/libgcc.a(_umoddi3.o)

.debug_frame    0x0000000000000000      0x52c
 .debug_frame   0x0000000000000000       0x54 /home/deds/projects/OS/build/stage2/c/ctype.obj
 .debug_frame   0x0000000000000054      0x184 /home/deds/projects/OS/build/stage2/c/fat.obj
 .debug_frame   0x00000000000001d8       0x74 /home/deds/projects/OS/build/stage2/c/string.obj
 .debug_frame   0x000000000000024c      0x1c0 /home/deds/projects/OS/build/stage2/c/stdio.obj
 .debug_frame   0x000000000000040c       0x74 /home/deds/projects/OS/build/stage2/c/memory.obj
 .debug_frame   0x0000000000000480       0x2c /home/deds/projects/OS/build/stage2/c/main.obj
 .debug_frame   0x00000000000004ac       0x80 /home/deds/projects/OS/build/stage2/c/disk.obj

.debug_loclists
                0x0000000000000000      0x9a0
 .debug_loclists
                0x0000000000000000      0x50b /home/deds/projects/OS/toolchain/i686-elf/lib/gcc/i686-elf/11.2.0/libgcc.a(_udivdi3.o)
 .debug_loclists
                0x000000000000050b      0x495 /home/deds/projects/OS/toolchain/i686-elf/lib/gcc/i686-elf/11.2.0/libgcc.a(_umoddi3.o)

.debug_rnglists
                0x0000000000000000       0x4a
 .debug_rnglists
                0x0000000000000000       0x2a /home/deds/projects/OS/toolchain/i686-elf/lib/gcc/i686-elf/11.2.0/libgcc.a(_udivdi3.o)
 .debug_rnglists
                0x000000000000002a       0x20 /home/deds/projects/OS/toolchain/i686-elf/lib/gcc/i686-elf/11.2.0/libgcc.a(_umoddi3.o)
